[rapidbplan.editme.com/index.html]
[backblue.gif]
[fade.gif]
[index.html]
[rapidbplan.editme.com/files/YorktownSettings/RapidBPlan title Top Image960x100.jpg]
[rapidbplan.editme.com/YorktownBlueCSS.css]
[rapidbplan.editme.com/skins/yorktown/yorktown.js]
[rapidbplan.editme.com/Week1.html]
[rapidbplan.editme.com/_Register.html]
[rapidbplan.editme.com/_Recent.html]
[rapidbplan.editme.com/Week2.html]
[rapidbplan.editme.com/files/Home/dreamstime_13942673.jpg]
[rapidbplan.editme.com/Week3.html]
[rapidbplan.editme.com/files/Home/Let's Continue Arrow.jpg]
[rapidbplan.editme.com/index.html]
[rapidbplan.editme.com/scripts/jquery-1.4.2.min.js]
[rapidbplan.editme.com/Week4a.html]
[rapidbplan.editme.com/YorktownBlueCSS.css]
[rapidbplan.editme.com/files.html]
[rapidbplan.editme.com/skins/yorktown/images/sp.gif]
[rapidbplan.editme.com/_Login3348.html]
[rapidbplan.editme.com/readers.html]
[rapidbplan.editme.com/skins/yorktown/images/toolbar_black_glassy.jpg]
[rapidbplan.editme.com/yaml-3.1/core/base.css]
[rapidbplan.editme.com/yaml-3.1/navigation/nav_shinybuttons.css]
[rapidbplan.editme.com/weeke.html]
[rapidbplan.editme.com/files/Week1/picture with text on left side 2.png]
[rapidbplan.editme.com/_Loginfc85.html]
[rapidbplan.editme.com/Week1.html]
[rapidbplan.editme.com/week1a.html]
[rapidbplan.editme.com/week2d.html]
[rapidbplan.editme.com/_Login1f2e.html]
[rapidbplan.editme.com/files/Week2/picture with text on left side 3.png]
[rapidbplan.editme.com/Week2.html]
[rapidbplan.editme.com/week2a.html]
[rapidbplan.editme.com/week3d.html]
[rapidbplan.editme.com/Week3.html]
[rapidbplan.editme.com/files/Week3/picture with text on left side 7.png]
[rapidbplan.editme.com/_Login801e.html]
[rapidbplan.editme.com/week3a.html]
[rapidbplan.editme.com/week4k.html]
[rapidbplan.editme.com/files/Week4a/Produce_0.gif]
[rapidbplan.editme.com/Week4a.html]
[rapidbplan.editme.com/_Logind95b.html]
[rapidbplan.editme.com/week4c.html]
[rapidbplan.editme.com/_Loginf04d.html]
[rapidbplan.editme.com/files/files/0 Rapid Business Plan 5 Year Financial Template bh.xlsm]
[rapidbplan.editme.com/week3dd.html]
[rapidbplan.editme.com/files/files/W3 Company Advisors and Owner.pdf]
[rapidbplan.editme.com/week1cd.html]
[rapidbplan.editme.com/files/files/W4 Product, Services and Customers.pdf]
[rapidbplan.editme.com/files/files/Microenterprise Business Plan Sample a.pdf]
[rapidbplan.editme.com/files/files/W5 Startup Costs.pdf]
[rapidbplan.editme.com/files.html]
[rapidbplan.editme.com/files/files/Microenterprise Business Plan Template.doc]
[rapidbplan.editme.com/files/files/W0 Microenterprise Business Plan Template.doc]
[rapidbplan.editme.com/_Login3348.html]
[rapidbplan.editme.com/files/files/W1 RapidBplan One Page Business Plan.pdf]
[rapidbplan.editme.com/_Register.html]
[rapidbplan.editme.com/files/files/W2 RapidBplan Company Information.pdf]
[rapidbplan.editme.com/files/files/W6 RapidBplan Marketing Worksheet.pdf]
[rapidbplan.editme.com/files/files/W7 Fishbowl Blank Diagram.pdf]
[rapidbplan.editme.com/files/files/W8 RapidBplan Competitive Analysis.pdf]
[rapidbplan.editme.com/files/files/W9 RapidBplan market Research Report.pdf]
[rapidbplan.editme.com/_Login9a1e.html]
[rapidbplan.editme.com/css/settings.css]
[rapidbplan.editme.com/scripts/IEprompt.js]
[rapidbplan.editme.com/_Recent.html]
[rapidbplan.editme.com/scripts/settings-shared.js]
[rapidbplan.editme.com/_Forgot.html]
[rapidbplan.editme.com/files/YorktownBlueCSS/nomenu.css]
[rapidbplan.editme.com/readers.html]
[rapidbplan.editme.com/_Loginfd63.html]
[rapidbplan.editme.com/yaml-3.1/core/base.css]
[rapidbplan.editme.com/yaml-3.1/navigation/nav_shinybuttons.css]
[rapidbplan.editme.com/yaml-3.1/navigation/images/shiny_buttons/background.png]
[rapidbplan.editme.com/yaml-3.1/navigation/images/shiny_buttons/background_active.png]
[rapidbplan.editme.com/_Login203c.html]
[rapidbplan.editme.com/files/weeke/W1 RapidBplan One Page Business Plan.pdf]
[rapidbplan.editme.com/files/weeke/W2 RapidBplan Company Information.pdf]
[rapidbplan.editme.com/files/weeke/W3 Company Advisors and Owner.pdf]
[rapidbplan.editme.com/files/weeke/W4 Product, Services and Customers.pdf]
[rapidbplan.editme.com/files/weeke/W5 Startup Costs.pdf]
[rapidbplan.editme.com/files/weeke/Arrow Image - Back.png]
[rapidbplan.editme.com/weeke.html]
[rapidbplan.editme.com/week1ca.html]
[rapidbplan.editme.com/files/weeke/0 Rapid Business Plan 5 Year Financial Template am.xlsm]
[rapidbplan.editme.com/_Loginfc85.html]
[rapidbplan.editme.com/files/Home/Microenterprise Business Plan Template.doc]
[rapidbplan.editme.com/files/weeke/Microenterprise Business Plan Sample a.pdf]
[rapidbplan.editme.com/week1d.html]
[rapidbplan.editme.com/_Login39f2.html]
[rapidbplan.editme.com/files/week1a/Arrow Image - Back.png]
[rapidbplan.editme.com/files/week1a/Arrow Image - Next.png]
[rapidbplan.editme.com/week1a.html]
[rapidbplan.editme.com/week1b.html]
[rapidbplan.editme.com/_Login2f1b.html]
[rapidbplan.editme.com/files/Home/0 Rapid Business Plan 5 Year Financial Template bh.xlsm]
[rapidbplan.editme.com/files/weeke/2 TPL SBC Summer 2014 Flyer.pdf]
[rapidbplan.editme.com/files/week2d/Arrow Image - Back.png]
[rapidbplan.editme.com/week2d.html]
[rapidbplan.editme.com/week1c.html]
[rapidbplan.editme.com/files/Home/W2 RapidBplan Company Information.2.pdf]
[rapidbplan.editme.com/_Login1f2e.html]
[rapidbplan.editme.com/files/week2d/W2a RapidBplan Company Information.docx.pdf]
[rapidbplan.editme.com/files/weeke/W5 RapidBplan Product and Services Sales Forecasting Worksheet.pdf]
[rapidbplan.editme.com/files/week2d/W6 RapidBplan Marketing Worksheet.pdf]
[rapidbplan.editme.com/files/week2d/W7 Fishbowl Blank Diagram.pdf]
[rapidbplan.editme.com/files/week2d/W8 RapidBplan Competitive Analysis.pdf]
[rapidbplan.editme.com/week2c.html]
[rapidbplan.editme.com/_Login0bb5.html]
[rapidbplan.editme.com/files/week2a/Arrow Image - Back.png]
[rapidbplan.editme.com/files/week2a/Arrow Image - Next.png]
[rapidbplan.editme.com/week2a.html]
[rapidbplan.editme.com/week2b.html]
[rapidbplan.editme.com/_Login6e6a.html]
[rapidbplan.editme.com/week3d.html]
[rapidbplan.editme.com/files/week3d/Arrow Image - Back.png]
[rapidbplan.editme.com/files/weeke/WCTC Take a Professional to Lunch List.pdf]
[rapidbplan.editme.com/_Login801e.html]
[rapidbplan.editme.com/files/week3d/W4 RapidBplan Startup Cost Worksheet.pdf]
[rapidbplan.editme.com/files/week3d/Microenterprise Business Plan Template.doc]
[rapidbplan.editme.com/files/files/W3 RapidBplan Product and Services Worksheet d.pdf]
[rapidbplan.editme.com/files/files/W3a RapidBplan Sales Forecast Worksheet.pdf]
[rapidbplan.editme.com/files/files/W3b RapidBplan Owner Experience and Training.pdf]
[rapidbplan.editme.com/files/files/W3c RapidBplan Your Market Research Plan.pdf]
[rapidbplan.editme.com/Week3c.html]
[rapidbplan.editme.com/files/week3a/Arrow Image - Back.png]
[rapidbplan.editme.com/files/week3a/Arrow Image - Next.png]
[rapidbplan.editme.com/week3a.html]
[rapidbplan.editme.com/Week3cc.html]
[rapidbplan.editme.com/_Login8581.html]
[rapidbplan.editme.com/week3b.html]
[rapidbplan.editme.com/_Loginedf4.html]
[rapidbplan.editme.com/files/week4k/Arrow Image - Back.png]
[rapidbplan.editme.com/files/week4k/0 Rapid Business Plan 5 Year Financial Template bh.xlsm]
[rapidbplan.editme.com/week4k.html]
[rapidbplan.editme.com/week4j.html]
[rapidbplan.editme.com/files/week4k/W1 RapidBplan One Page Business Plan.pdf]
[rapidbplan.editme.com/_Logind95b.html]
[rapidbplan.editme.com/files/week4k/W2 RapidBplan Company Information.pdf]
[rapidbplan.editme.com/files/week4k/W2a RapidBplan Company Information.docx.pdf]
[rapidbplan.editme.com/files/week4k/W3aa RapidBplan Product and Services Worksheet.pdf]
[rapidbplan.editme.com/files/week4k/W3b RapidBplan Owner Experience and Training.pdf]
[rapidbplan.editme.com/files/week4k/W3d RapidBplan Competitive Analysis.pdf]
[rapidbplan.editme.com/files/week4k/W9 RapidBplan market Research Report.pdf]
[rapidbplan.editme.com/_Login097c.html]
[rapidbplan.editme.com/files/week4c/Arrow Image - Back.png]
[rapidbplan.editme.com/files/week4c/Arrow Image - Next.png]
[rapidbplan.editme.com/week4c.html]
[rapidbplan.editme.com/_Loginf04d.html]
[rapidbplan.editme.com/week3dd.html]
[rapidbplan.editme.com/files/week4c/working capital.png]
[rapidbplan.editme.com/week4d.html]
[rapidbplan.editme.com/_Login7826.html]
[rapidbplan.editme.com/_Loginf134.html]
[rapidbplan.editme.com/files/week1cd/Arrow Image - Back.png]
[rapidbplan.editme.com/files/week1cd/Arrow Image - Next.png]
[rapidbplan.editme.com/week1cd.html]
[rapidbplan.editme.com/css/settings.css]
[rapidbplan.editme.com/_Forgot.html]
[rapidbplan.editme.com/week1cc.html]
[rapidbplan.editme.com/img/button.png]
[rapidbplan.editme.com/img/settings_button.png]
[rapidbplan.editme.com/_Login9a1e.html]
[rapidbplan.editme.com/week1ce.html]
[rapidbplan.editme.com/img/settings_button_active.png]
[rapidbplan.editme.com/rt/vert_repeater.gif]
[rapidbplan.editme.com/rt/horz_repeater.gif]
[rapidbplan.editme.com/files/YorktownBlueCSS/nomenu.css]
[rapidbplan.editme.com/_Loginfd63.html]
[rapidbplan.editme.com/_Login203c.html]
[rapidbplan.editme.com/rt/non_repeaters.gif]
[rapidbplan.editme.com/scripts/rta/grippie.png]
[rapidbplan.editme.com/files/week1ca/Arrow Image - Back.png]
[rapidbplan.editme.com/_Login420e.html]
[rapidbplan.editme.com/files/week1ca/Arrow Image - Next.png]
[rapidbplan.editme.com/week1ca.html]
[rapidbplan.editme.com/week1cb.html]
[rapidbplan.editme.com/files/week1d/dreamstime_14744717.jpg]
[rapidbplan.editme.com/_Login494f.html]
[rapidbplan.editme.com/files/week1d/Arrow Image - Back.png]
[rapidbplan.editme.com/files/week1d/Arrow Image - Next.png]
[rapidbplan.editme.com/week1d.html]
[rapidbplan.editme.com/_Login39f2.html]
[rapidbplan.editme.com/files/week1b/Arrow Image - Back.png]
[rapidbplan.editme.com/_Login8446.html]
[rapidbplan.editme.com/files/week1b/STD List Example.jpg]
[rapidbplan.editme.com/files/week1b/Arrow Image - Next.png]
[rapidbplan.editme.com/week1b.html]
[rapidbplan.editme.com/_Login2f1b.html]
[rapidbplan.editme.com/files/week1c/dreamstime_9477478.jpg]
[rapidbplan.editme.com/_Login8c2c.html]
[rapidbplan.editme.com/week1c-1.html]
[rapidbplan.editme.com/files/week1c/Arrow Image - Back.png]
[rapidbplan.editme.com/files/week1c/Arrow Image - Next.png]
[rapidbplan.editme.com/week1c.html]
[rapidbplan.editme.com/_Logine0d1.html]
[rapidbplan.editme.com/files/week2c/Arrow Image - Back.png]
[rapidbplan.editme.com/files/files/Rapid Business Plan 5 Year Financial Template.xlsm]
[rapidbplan.editme.com/files/week2c/Arrow Image - Next.png]
[rapidbplan.editme.com/week2c.html]
[rapidbplan.editme.com/_Login0bb5.html]
[rapidbplan.editme.com/_Login80e2.html]
[rapidbplan.editme.com/files/week2b/Arrow Image - Back.png]
[rapidbplan.editme.com/files/week2b/Arrow Image - Next.png]
[rapidbplan.editme.com/week2b.html]
[rapidbplan.editme.com/_Login6e6a.html]
[rapidbplan.editme.com/files/Week3c/Arrow Image - Back.png]
[rapidbplan.editme.com/files/Week3c/Arrow Image - Next.png]
[rapidbplan.editme.com/Week3c.html]
[rapidbplan.editme.com/_Login74c8.html]
[rapidbplan.editme.com/files/Week3cc/Arrow Image - Back.png]
[rapidbplan.editme.com/_Loginbfd7.html]
[rapidbplan.editme.com/files/Week3cc/Arrow Image - Next.png]
[rapidbplan.editme.com/Week3cc.html]
[rapidbplan.editme.com/_Login8581.html]
[rapidbplan.editme.com/_Login3bf2.html]
[rapidbplan.editme.com/files/week3b/Arrow Image - Back.png]
[rapidbplan.editme.com/files/week3b/Arrow Image - Next.png]
[rapidbplan.editme.com/week3b.html]
[rapidbplan.editme.com/_Loginedf4.html]
[rapidbplan.editme.com/files/week4j/Arrow Image - Back.png]
[rapidbplan.editme.com/_Login08a2.html]
[rapidbplan.editme.com/files/week4j/Arrow Image - Next.png]
[rapidbplan.editme.com/week4j.html]
[rapidbplan.editme.com/_Login097c.html]
[rapidbplan.editme.com/week4i.html]
[rapidbplan.editme.com/_Login5aba.html]
[rapidbplan.editme.com/files/week4d/Arrow Image - Back.png]
[rapidbplan.editme.com/files/week4d/loans.png]
[rapidbplan.editme.com/files/week4d/Arrow Image - Next.png]
[rapidbplan.editme.com/week4e.html]
[rapidbplan.editme.com/week4d.html]
[rapidbplan.editme.com/_Login7826.html]
[rapidbplan.editme.com/_Loginf134.html]
[rapidbplan.editme.com/files/week1cc/Arrow Image - Back.png]
[rapidbplan.editme.com/_Loginb05e.html]
[rapidbplan.editme.com/files/week1cc/Arrow Image - Next.png]
[rapidbplan.editme.com/week1cc.html]
[rapidbplan.editme.com/files/week1cc/W3 RapidBplan Product and Services Worksheet.pdf]
[rapidbplan.editme.com/files/week1cc/W3 RapidBplan Product and Services Worksheet b.jpg]
[rapidbplan.editme.com/files/week1ce/Arrow Image - Back.png]
[rapidbplan.editme.com/_Login34ea.html]
[rapidbplan.editme.com/files/week1ce/Arrow Image - Next.png]
[rapidbplan.editme.com/week1ce.html]
[rapidbplan.editme.com/_Login420e.html]
[rapidbplan.editme.com/week1cb--1.html]
[rapidbplan.editme.com/_Loginc620.html]
[rapidbplan.editme.com/files/week1cb/dreamstime_10092841.jpg]
[rapidbplan.editme.com/files/week1cb/Arrow Image - Back.png]
[rapidbplan.editme.com/files/week1cb/Arrow Image - Next.png]
[rapidbplan.editme.com/week1cb.html]
[rapidbplan.editme.com/_Login494f.html]
[rapidbplan.editme.com/_Login8446.html]
[rapidbplan.editme.com/_Login8c2c.html]
[rapidbplan.editme.com/_Loginb018.html]
[rapidbplan.editme.com/week1c-1.html]
[rapidbplan.editme.com/_Logine0d1.html]
[rapidbplan.editme.com/_Login80e2.html]
[rapidbplan.editme.com/_Login74c8.html]
[rapidbplan.editme.com/_Loginbfd7.html]
[rapidbplan.editme.com/_Login3bf2.html]
[rapidbplan.editme.com/_Login08a2.html]
[rapidbplan.editme.com/files/week4i/Arrow Image - Back.png]
[rapidbplan.editme.com/_Login1b38.html]
[rapidbplan.editme.com/files/week4i/Arrow Image - Next.png]
[rapidbplan.editme.com/week4i.html]
[rapidbplan.editme.com/_Login5aba.html]
[rapidbplan.editme.com/week4h.html]
[rapidbplan.editme.com/_Login66a0.html]
[rapidbplan.editme.com/files/week4e/Arrow Image - Back.png]
[rapidbplan.editme.com/files/week4e/rampup.png]
[rapidbplan.editme.com/files/week4e/Arrow Image - Next.png]
[rapidbplan.editme.com/week4e.html]
[rapidbplan.editme.com/_Loginb05e.html]
[rapidbplan.editme.com/files/week4e/ramp2.png]
[rapidbplan.editme.com/_Login34ea.html]
[rapidbplan.editme.com/_Loginc620.html]
[rapidbplan.editme.com/week4f.html]
[rapidbplan.editme.com/_Login3286.html]
[rapidbplan.editme.com/week1cb--1.html]
[rapidbplan.editme.com/_Loginb018.html]
[rapidbplan.editme.com/_Login1b38.html]
[rapidbplan.editme.com/files/week4h/Arrow Image - Back.png]
[rapidbplan.editme.com/_Login0898.html]
[rapidbplan.editme.com/files/week4h/Arrow Image - Next.png]
[rapidbplan.editme.com/week4h.html]
[rapidbplan.editme.com/_Login66a0.html]
[rapidbplan.editme.com/files/week4f/Arrow Image - Back.png]
[rapidbplan.editme.com/week4g.html]
[rapidbplan.editme.com/_Login1f73.html]
[rapidbplan.editme.com/files/week4f/Arrow Image - Next.png]
[rapidbplan.editme.com/files/week4f/cashadd2.png]
[rapidbplan.editme.com/week4f.html]
[rapidbplan.editme.com/_Login3286.html]
[rapidbplan.editme.com/_Login0898.html]
[rapidbplan.editme.com/files/week4g/Arrow Image - Back.png]
[rapidbplan.editme.com/_Loginea75.html]
[rapidbplan.editme.com/files/week4g/Arrow Image - Next.png]
[rapidbplan.editme.com/week4g.html]
[rapidbplan.editme.com/_Login1f73.html]
[rapidbplan.editme.com/_Loginea75.html]
