[rapidbplan/index.html]
[backblue.gif]
[fade.gif]
[index.html]
[rapidbplan/YorktownBlueCSS.css]
[rapidbplan/skins/yorktown/yorktown.js]
[rapidbplan/files/YorktownSettings/rbp banner header.jpg]
[rapidbplan/scripts/jquery-1.4.2.min.js]
[rapidbplan/Week1.html]
[rapidbplan/Week2.html]
[rapidbplan/Week3.html]
[rapidbplan/Week4a.html]
[rapidbplan/skins/yorktown/images/sp.gif]
[rapidbplan/files.html]
[rapidbplan/readers.html]
[rapidbplan/weeke.html]
[rapidbplan/files/Home/Continue Arrow.jpg]
[rapidbplan/index.html]
[rapidbplan/_Login3348.html]
[rapidbplan/yaml-3.1/core/base.css]
[rapidbplan/yaml-3.1/navigation/nav_shinybuttons.css]
[rapidbplan/skins/yorktown/images/toolbar_black_glassy.jpg]
[rapidbplan/YorktownBlueCSS.css]
[rapidbplan/files/YorktownBlueCSS/nomenu.css]
[rapidbplan/week1a.html]
[rapidbplan/Week1.html]
[rapidbplan/_Loginfc85.html]
[rapidbplan/week2a.html]
[rapidbplan/week2d.html]
[rapidbplan/Week2.html]
[rapidbplan/_Login1f2e.html]
[rapidbplan/week3a.html]
[rapidbplan/week3d.html]
[rapidbplan/Week3.html]
[rapidbplan/_Login801e.html]
[rapidbplan/week4c.html]
[rapidbplan/week4k.html]
[rapidbplan/Week4a.html]
[rapidbplan/_Logind95b.html]
[rapidbplan/week3dd.html]
[rapidbplan/week1cd.html]
[rapidbplan/files/files/Microenterprise Business Plan Sample a.pdf]
[rapidbplan/files/files/Microenterprise Business Plan Template.doc]
[rapidbplan/files/files/Rapid Business Plan 5 Year Financial Template.xlsm]
[rapidbplan/files/files/W0 Microenterprise Business Plan Template.doc]
[rapidbplan/files/files/W1 RapidBplan One Page Business Plan.pdf]
[rapidbplan/files/files/W2 RapidBplan Company Information.pdf]
[rapidbplan/files/files/W2a RapidBplan Company Information.docx.pdf]
[rapidbplan/files/files/W3 RapidBplan Product and Services Worksheet d.pdf]
[rapidbplan/files/files/W3a RapidBplan Sales Forecast Worksheet.pdf]
[rapidbplan/files/files/W3b RapidBplan Owner Experience and Training.pdf]
[rapidbplan/files/files/W4a Startup Costs.pdf]
[rapidbplan/files/files/W4b Equipment Vehicle Costs.pdf]
[rapidbplan/files/files/W4c Facility Costs.pdf]
[rapidbplan/files/files/W4d Operating Expenses.pdf]
[rapidbplan/files/files/W5 RapidBplan Product and Services Sales Forecasting Worksheet.docx]
[rapidbplan/files/files/W6 RapidBplan Marketing Worksheet.pdf]
[rapidbplan/files/files/W7 Fishbowl Blank Diagram.pdf]
[rapidbplan/files/files/W8 RapidBplan Competitive Analysis.pdf]
[rapidbplan/files/files/W9 RapidBplan market Research Report.pdf]
[rapidbplan/_Loginf04d.html]
[rapidbplan/files.html]
[rapidbplan/readers.html]
[rapidbplan/_Loginfd63.html]
[rapidbplan/files/Home/W2 RapidBplan Company Information.2.pdf]
[rapidbplan/files/Home/W2a RapidBplan Company Information.docx.pdf]
[rapidbplan/files/Home/W3 RapidBplan Product and Services Worksheet.pdf]
[rapidbplan/files/Home/W3a RapidBplan Sales Forecast Worksheet c.pdf]
[rapidbplan/files/weeke/2 TPL SBC Summer 2014 Flyer.pdf]
[rapidbplan/week1ca.html]
[rapidbplan/files/weeke/0 Rapid Business Plan 5 Year Financial Template am.xlsm]
[rapidbplan/files/Home/W4 Startup Costs.pdf]
[rapidbplan/files/Home/Microenterprise Business Plan Template.doc]
[rapidbplan/weeke.html]
[rapidbplan/_Login203c.html]
[ajax.googleapis.com/ajax/libs/jquery/1.4/jquery.min.js]
[rapidbplan/scripts/IEprompt.js]
[rapidbplan/scripts/settings-shared.js]
[rapidbplan/css/settings.css]
[rapidbplan/_Login3348.html]
[rapidbplan/yaml-3.1/core/base.css]
[rapidbplan/_Forgot.html]
[rapidbplan/yaml-3.1/navigation/images/shiny_buttons/background.png]
[rapidbplan/yaml-3.1/navigation/images/shiny_buttons/background_active.png]
[rapidbplan/yaml-3.1/navigation/nav_shinybuttons.css]
[rapidbplan/week1b.html]
[rapidbplan/week1a.html]
[rapidbplan/_Loginfc85.html]
[rapidbplan/_Login39f2.html]
[rapidbplan/week2b.html]
[rapidbplan/week2a.html]
[rapidbplan/_Login0bb5.html]
[rapidbplan/week1c.html]
[rapidbplan/files/week2d/W2a RapidBplan Company Information.docx.pdf]
[rapidbplan/files/weeke/W5 RapidBplan Product and Services Sales Forecasting Worksheet.pdf]
[rapidbplan/files/Home/Rapid Business Plan 5 Year Financial Template.xlsm]
[rapidbplan/files/week2d/W6 RapidBplan Marketing Worksheet.pdf]
[rapidbplan/files/week2d/W7 Fishbowl Blank Diagram.pdf]
[rapidbplan/files/week2d/W8 RapidBplan Competitive Analysis.pdf]
[rapidbplan/_Login2f1b.html]
[rapidbplan/week2d.html]
[rapidbplan/_Login1f2e.html]
[rapidbplan/week3b.html]
[rapidbplan/_Login8581.html]
[rapidbplan/week3a.html]
[rapidbplan/files/weeke/WCTC Take a Professional to Lunch List.pdf]
[rapidbplan/files/week3d/Microenterprise Business Plan Template.doc]
[rapidbplan/week3d.html]
[rapidbplan/_Login801e.html]
[rapidbplan/Week3c.html]
[rapidbplan/_Login6e6a.html]
[rapidbplan/files/week4c/working capital.png]
[rapidbplan/week4d.html]
[rapidbplan/week4c.html]
[rapidbplan/_Login097c.html]
[rapidbplan/files/week4k/W1 RapidBplan One Page Business Plan.pdf]
[rapidbplan/files/week4k/W2 RapidBplan Company Information.pdf]
[rapidbplan/files/week4k/W2a RapidBplan Company Information.docx.pdf]
[rapidbplan/files/week4k/W3aa RapidBplan Product and Services Worksheet.pdf]
[rapidbplan/files/week4k/W3b RapidBplan Owner Experience and Training.pdf]
[rapidbplan/files/week4k/W3d RapidBplan Competitive Analysis.pdf]
[rapidbplan/files/week4k/W9 RapidBplan market Research Report.pdf]
[rapidbplan/_Loginedf4.html]
[rapidbplan/week4k.html]
[rapidbplan/_Logind95b.html]
[rapidbplan/week3dd.html]
[rapidbplan/_Login7826.html]
[rapidbplan/week1ce.html]
[rapidbplan/week1cd.html]
[rapidbplan/_Loginf134.html]
[rapidbplan/_Loginf04d.html]
[rapidbplan/_Loginfd63.html]
[rapidbplan/files/files/W3c RapidBplan Your Market Research Plan.pdf]
[rapidbplan/week1cb.html]
[rapidbplan/_Login420e.html]
[rapidbplan/week1ca.html]
[rapidbplan/files/weeke/Microenterprise Business Plan Sample a.pdf]
[rapidbplan/_Login203c.html]
[rapidbplan/img/button.png]
[rapidbplan/img/settings_button.png]
[rapidbplan/img/settings_button_active.png]
[rapidbplan/rt/vert_repeater.gif]
[rapidbplan/rt/horz_repeater.gif]
[rapidbplan/rt/non_repeaters.gif]
[rapidbplan/scripts/rta/grippie.png]
[rapidbplan/css/settings.css]
[rapidbplan/_Forgot.html]
[rapidbplan/files/week1b/STD List Example.jpg]
[rapidbplan/week1b.html]
[rapidbplan/_Login8446.html]
[rapidbplan/_Login39f2.html]
[rapidbplan/week2c.html]
[rapidbplan/week2b.html]
[rapidbplan/_Login0bb5.html]
[rapidbplan/_Login80e2.html]
[rapidbplan/week1c.html]
[rapidbplan/_Login2f1b.html]
[rapidbplan/_Login8c2c.html]
[rapidbplan/week3b.html]
[rapidbplan/_Login8581.html]
[rapidbplan/files/week3d/W4 RapidBplan Startup Cost Worksheet.pdf]
[rapidbplan/_Login3bf2.html]
[rapidbplan/Week3cc.html]
[rapidbplan/Week3c.html]
[rapidbplan/_Login74c8.html]
[rapidbplan/_Login6e6a.html]
[rapidbplan/files/week4d/loans.png]
[rapidbplan/week4e.html]
[rapidbplan/_Login5aba.html]
[rapidbplan/week4d.html]
[rapidbplan/_Login097c.html]
[rapidbplan/_Loginedf4.html]
[rapidbplan/_Login7826.html]
[rapidbplan/week1d.html]
[rapidbplan/week1ce.html]
[rapidbplan/_Loginf134.html]
[rapidbplan/_Login34ea.html]
[rapidbplan/week1cc.html]
[rapidbplan/week1cb.html]
[rapidbplan/_Login420e.html]
[rapidbplan/_Loginc620.html]
[rapidbplan/_Login8446.html]
[rapidbplan/week2c.html]
[rapidbplan/_Login80e2.html]
[rapidbplan/_Login8c2c.html]
[rapidbplan/_Login3bf2.html]
[rapidbplan/_Logine0d1.html]
[rapidbplan/Week3cc.html]
[rapidbplan/_Login74c8.html]
[rapidbplan/_Loginbfd7.html]
[rapidbplan/files/week4e/rampup.png]
[rapidbplan/files/week4e/ramp2.png]
[rapidbplan/week4f.html]
[rapidbplan/week4e.html]
[rapidbplan/_Login5aba.html]
[rapidbplan/_Login66a0.html]
[rapidbplan/week1d.html]
[rapidbplan/_Login34ea.html]
[rapidbplan/_Login494f.html]
[rapidbplan/files/week1cc/W3 RapidBplan Product and Services Worksheet.pdf]
[rapidbplan/files/week1cc/W3 RapidBplan Product and Services Worksheet b.jpg]
[rapidbplan/week1cc.html]
[rapidbplan/_Loginc620.html]
[rapidbplan/_Logine0d1.html]
[rapidbplan/_Loginbfd7.html]
[rapidbplan/_Loginb05e.html]
[rapidbplan/files/week4f/cashadd2.png]
[rapidbplan/week4g.html]
[rapidbplan/week4f.html]
[rapidbplan/_Login66a0.html]
[rapidbplan/_Login494f.html]
[rapidbplan/_Login1f73.html]
[rapidbplan/_Loginb05e.html]
[rapidbplan/week4h.html]
[rapidbplan/week4g.html]
[rapidbplan/_Login1f73.html]
[rapidbplan/_Loginea75.html]
[rapidbplan/week4i.html]
[rapidbplan/week4h.html]
[rapidbplan/_Loginea75.html]
[rapidbplan/_Login0898.html]
[rapidbplan/week4j.html]
[rapidbplan/week4i.html]
[rapidbplan/_Login0898.html]
[rapidbplan/_Login1b38.html]
[rapidbplan/week4j.html]
[rapidbplan/_Login1b38.html]
[rapidbplan/_Login08a2.html]
[rapidbplan/_Login08a2.html]
